Archive member included to satisfy reference by file (symbol)

c:/st/stm32cubeide_1.6.1/stm32cubeide/plugins/com.st.stm32cube.ide.mcu.externaltools.gnu-tools-for-stm32.9-2020-q2-update.win32_1.5.0.202011040924/tools/bin/../lib/gcc/arm-none-eabi/9.3.1/../../../../arm-none-eabi/lib/thumb/v6-m/nofp\libc_nano.a(lib_a-errno.o)
                              Src/syscalls.o (__errno)
c:/st/stm32cubeide_1.6.1/stm32cubeide/plugins/com.st.stm32cube.ide.mcu.externaltools.gnu-tools-for-stm32.9-2020-q2-update.win32_1.5.0.202011040924/tools/bin/../lib/gcc/arm-none-eabi/9.3.1/../../../../arm-none-eabi/lib/thumb/v6-m/nofp\libc_nano.a(lib_a-exit.o)
                              c:/st/stm32cubeide_1.6.1/stm32cubeide/plugins/com.st.stm32cube.ide.mcu.externaltools.gnu-tools-for-stm32.9-2020-q2-update.win32_1.5.0.202011040924/tools/bin/../lib/gcc/arm-none-eabi/9.3.1/../../../../arm-none-eabi/lib/thumb/v6-m/nofp/crt0.o (exit)
c:/st/stm32cubeide_1.6.1/stm32cubeide/plugins/com.st.stm32cube.ide.mcu.externaltools.gnu-tools-for-stm32.9-2020-q2-update.win32_1.5.0.202011040924/tools/bin/../lib/gcc/arm-none-eabi/9.3.1/../../../../arm-none-eabi/lib/thumb/v6-m/nofp\libc_nano.a(lib_a-impure.o)
                              c:/st/stm32cubeide_1.6.1/stm32cubeide/plugins/com.st.stm32cube.ide.mcu.externaltools.gnu-tools-for-stm32.9-2020-q2-update.win32_1.5.0.202011040924/tools/bin/../lib/gcc/arm-none-eabi/9.3.1/../../../../arm-none-eabi/lib/thumb/v6-m/nofp\libc_nano.a(lib_a-exit.o) (_global_impure_ptr)
c:/st/stm32cubeide_1.6.1/stm32cubeide/plugins/com.st.stm32cube.ide.mcu.externaltools.gnu-tools-for-stm32.9-2020-q2-update.win32_1.5.0.202011040924/tools/bin/../lib/gcc/arm-none-eabi/9.3.1/../../../../arm-none-eabi/lib/thumb/v6-m/nofp\libc_nano.a(lib_a-init.o)
                              c:/st/stm32cubeide_1.6.1/stm32cubeide/plugins/com.st.stm32cube.ide.mcu.externaltools.gnu-tools-for-stm32.9-2020-q2-update.win32_1.5.0.202011040924/tools/bin/../lib/gcc/arm-none-eabi/9.3.1/../../../../arm-none-eabi/lib/thumb/v6-m/nofp/crt0.o (__libc_init_array)
c:/st/stm32cubeide_1.6.1/stm32cubeide/plugins/com.st.stm32cube.ide.mcu.externaltools.gnu-tools-for-stm32.9-2020-q2-update.win32_1.5.0.202011040924/tools/bin/../lib/gcc/arm-none-eabi/9.3.1/../../../../arm-none-eabi/lib/thumb/v6-m/nofp\libc_nano.a(lib_a-memset.o)
                              c:/st/stm32cubeide_1.6.1/stm32cubeide/plugins/com.st.stm32cube.ide.mcu.externaltools.gnu-tools-for-stm32.9-2020-q2-update.win32_1.5.0.202011040924/tools/bin/../lib/gcc/arm-none-eabi/9.3.1/../../../../arm-none-eabi/lib/thumb/v6-m/nofp/crt0.o (memset)
c:/st/stm32cubeide_1.6.1/stm32cubeide/plugins/com.st.stm32cube.ide.mcu.externaltools.gnu-tools-for-stm32.9-2020-q2-update.win32_1.5.0.202011040924/tools/bin/../lib/gcc/arm-none-eabi/9.3.1/thumb/v6-m/nofp\libgcc.a(_udivsi3.o)
                              CMSIS/Src/system_stm32f0xx.o (__aeabi_uidiv)
c:/st/stm32cubeide_1.6.1/stm32cubeide/plugins/com.st.stm32cube.ide.mcu.externaltools.gnu-tools-for-stm32.9-2020-q2-update.win32_1.5.0.202011040924/tools/bin/../lib/gcc/arm-none-eabi/9.3.1/thumb/v6-m/nofp\libgcc.a(_dvmd_tls.o)
                              c:/st/stm32cubeide_1.6.1/stm32cubeide/plugins/com.st.stm32cube.ide.mcu.externaltools.gnu-tools-for-stm32.9-2020-q2-update.win32_1.5.0.202011040924/tools/bin/../lib/gcc/arm-none-eabi/9.3.1/thumb/v6-m/nofp\libgcc.a(_udivsi3.o) (__aeabi_idiv0)
c:/st/stm32cubeide_1.6.1/stm32cubeide/plugins/com.st.stm32cube.ide.mcu.externaltools.gnu-tools-for-stm32.9-2020-q2-update.win32_1.5.0.202011040924/tools/bin/../lib/gcc/arm-none-eabi/9.3.1/thumb/v6-m/nofp\libgcc.a(_arm_cmpsf2.o)
                              Src/PID.o (__aeabi_fcmplt)
c:/st/stm32cubeide_1.6.1/stm32cubeide/plugins/com.st.stm32cube.ide.mcu.externaltools.gnu-tools-for-stm32.9-2020-q2-update.win32_1.5.0.202011040924/tools/bin/../lib/gcc/arm-none-eabi/9.3.1/thumb/v6-m/nofp\libgcc.a(addsf3.o)
                              Src/PID.o (__aeabi_fadd)
c:/st/stm32cubeide_1.6.1/stm32cubeide/plugins/com.st.stm32cube.ide.mcu.externaltools.gnu-tools-for-stm32.9-2020-q2-update.win32_1.5.0.202011040924/tools/bin/../lib/gcc/arm-none-eabi/9.3.1/thumb/v6-m/nofp\libgcc.a(divsf3.o)
                              Src/PID.o (__aeabi_fdiv)
c:/st/stm32cubeide_1.6.1/stm32cubeide/plugins/com.st.stm32cube.ide.mcu.externaltools.gnu-tools-for-stm32.9-2020-q2-update.win32_1.5.0.202011040924/tools/bin/../lib/gcc/arm-none-eabi/9.3.1/thumb/v6-m/nofp\libgcc.a(eqsf2.o)
                              c:/st/stm32cubeide_1.6.1/stm32cubeide/plugins/com.st.stm32cube.ide.mcu.externaltools.gnu-tools-for-stm32.9-2020-q2-update.win32_1.5.0.202011040924/tools/bin/../lib/gcc/arm-none-eabi/9.3.1/thumb/v6-m/nofp\libgcc.a(_arm_cmpsf2.o) (__eqsf2)
c:/st/stm32cubeide_1.6.1/stm32cubeide/plugins/com.st.stm32cube.ide.mcu.externaltools.gnu-tools-for-stm32.9-2020-q2-update.win32_1.5.0.202011040924/tools/bin/../lib/gcc/arm-none-eabi/9.3.1/thumb/v6-m/nofp\libgcc.a(gesf2.o)
[...]
Memory Configuration

Name             Origin             Length             Attributes
RAM              0x0000000020000000 0x0000000000002000 xrw
FLASH            0x0000000008000000 0x0000000000010000 xr
*default*        0x0000000000000000 0xffffffffffffffff

Linker script and memory map

LOAD c:/st/stm32cubeide_1.6.1/stm32cubeide/plugins/com.st.stm32cube.ide.mcu.externaltools.gnu-tools-for-stm32.9-2020-q2-update.win32_1.5.0.202011040924/tools/bin/../lib/gcc/arm-none-eabi/9.3.1/thumb/v6-m/nofp/crti.o
LOAD c:/st/stm32cubeide_1.6.1/stm32cubeide/plugins/com.st.stm32cube.ide.mcu.externaltools.gnu-tools-for-stm32.9-2020-q2-update.win32_1.5.0.202011040924/tools/bin/../lib/gcc/arm-none-eabi/9.3.1/thumb/v6-m/nofp/crtbegin.o
LOAD c:/st/stm32cubeide_1.6.1/stm32cubeide/plugins/com.st.stm32cube.ide.mcu.externaltools.gnu-tools-for-stm32.9-2020-q2-update.win32_1.5.0.202011040924/tools/bin/../lib/gcc/arm-none-eabi/9.3.1/../../../../arm-none-eabi/lib/thumb/v6-m/nofp/crt0.o
LOAD CMSIS/Src/system_stm32f0xx.o
LOAD Src/Button.o
LOAD Src/Encoder.o
LOAD Src/Motor.o
LOAD Src/PID.o
LOAD Src/gpio.o
LOAD Src/main.o
LOAD Src/syscalls.o
LOAD Src/sysmem.o
LOAD Src/tim.o
LOAD Startup/startup_stm32f051r8tx.o
START GROUP
LOAD c:/st/stm32cubeide_1.6.1/stm32cubeide/plugins/com.st.stm32cube.ide.mcu.externaltools.gnu-tools-for-stm32.9-2020-q2-update.win32_1.5.0.202011040924/tools/bin/../lib/gcc/arm-none-eabi/9.3.1/../../../../arm-none-eabi/lib/thumb/v6-m/nofp\libc_nano.a
LOAD c:/st/stm32cubeide_1.6.1/stm32cubeide/plugins/com.st.stm32cube.ide.mcu.externaltools.gnu-tools-for-stm32.9-2020-q2-update.win32_1.5.0.202011040924/tools/bin/../lib/gcc/arm-none-eabi/9.3.1/../../../../arm-none-eabi/lib/thumb/v6-m/nofp\libm.a
END GROUP
START GROUP
LOAD c:/st/stm32cubeide_1.6.1/stm32cubeide/plugins/com.st.stm32cube.ide.mcu.externaltools.gnu-tools-for-stm32.9-2020-q2-update.win32_1.5.0.202011040924/tools/bin/../lib/gcc/arm-none-eabi/9.3.1/thumb/v6-m/nofp\libgcc.a
LOAD c:/st/stm32cubeide_1.6.1/stm32cubeide/plugins/com.st.stm32cube.ide.mcu.externaltools.gnu-tools-for-stm32.9-2020-q2-update.win32_1.5.0.202011040924/tools/bin/../lib/gcc/arm-none-eabi/9.3.1/../../../../arm-none-eabi/lib/thumb/v6-m/nofp\libc_nano.a
END GROUP
START GROUP
LOAD c:/st/stm32cubeide_1.6.1/stm32cubeide/plugins/com.st.stm32cube.ide.mcu.externaltools.gnu-tools-for-stm32.9-2020-q2-update.win32_1.5.0.202011040924/tools/bin/../lib/gcc/arm-none-eabi/9.3.1/thumb/v6-m/nofp\libgcc.a
LOAD c:/st/stm32cubeide_1.6.1/stm32cubeide/plugins/com.st.stm32cube.ide.mcu.externaltools.gnu-tools-for-stm32.9-2020-q2-update.win32_1.5.0.202011040924/tools/bin/../lib/gcc/arm-none-eabi/9.3.1/../../../../arm-none-eabi/lib/thumb/v6-m/nofp\libc_nano.a
LOAD c:/st/stm32cubeide_1.6.1/stm32cubeide/plugins/com.st.stm32cube.ide.mcu.externaltools.gnu-tools-for-stm32.9-2020-q2-update.win32_1.5.0.202011040924/tools/bin/../lib/gcc/arm-none-eabi/9.3.1/../../../../arm-none-eabi/lib/thumb/v6-m/nofp\libnosys.a
END GROUP
START GROUP
LOAD c:/st/stm32cubeide_1.6.1/stm32cubeide/plugins/com.st.stm32cube.ide.mcu.externaltools.gnu-tools-for-stm32.9-2020-q2-update.win32_1.5.0.202011040924/tools/bin/../lib/gcc/arm-none-eabi/9.3.1/thumb/v6-m/nofp\libgcc.a
LOAD c:/st/stm32cubeide_1.6.1/stm32cubeide/plugins/com.st.stm32cube.ide.mcu.externaltools.gnu-tools-for-stm32.9-2020-q2-update.win32_1.5.0.202011040924/tools/bin/../lib/gcc/arm-none-eabi/9.3.1/../../../../arm-none-eabi/lib/thumb/v6-m/nofp\libc_nano.a
LOAD c:/st/stm32cubeide_1.6.1/stm32cubeide/plugins/com.st.stm32cube.ide.mcu.externaltools.gnu-tools-for-stm32.9-2020-q2-update.win32_1.5.0.202011040924/tools/bin/../lib/gcc/arm-none-eabi/9.3.1/../../../../arm-none-eabi/lib/thumb/v6-m/nofp\libnosys.a
END GROUP
LOAD c:/st/stm32cubeide_1.6.1/stm32cubeide/plugins/com.st.stm32cube.ide.mcu.externaltools.gnu-tools-for-stm32.9-2020-q2-update.win32_1.5.0.202011040924/tools/bin/../lib/gcc/arm-none-eabi/9.3.1/thumb/v6-m/nofp/crtend.o
LOAD c:/st/stm32cubeide_1.6.1/stm32cubeide/plugins/com.st.stm32cube.ide.mcu.externaltools.gnu-tools-for-stm32.9-2020-q2-update.win32_1.5.0.202011040924/tools/bin/../lib/gcc/arm-none-eabi/9.3.1/thumb/v6-m/nofp/crtn.o
                0x0000000020002000                _estack = (ORIGIN (RAM) + LENGTH (RAM))
                0x0000000000000200                _Min_Heap_Size = 0x200
                0x0000000000000400                _Min_Stack_Size = 0x400

.isr_vector     0x0000000008000000       0xc0
                0x0000000008000000                . = ALIGN (0x4)
 *(.isr_vector)
 .isr_vector    0x0000000008000000       0xc0 Startup/startup_stm32f051r8tx.o
                0x0000000008000000                g_pfnVectors
                0x00000000080000c0                . = ALIGN (0x4)

.text           0x00000000080000c0     0x2478
                0x00000000080000c0                . = ALIGN (0x4)
 *(.text)
 .text          0x00000000080000c0       0x48 c:/st/stm32cubeide_1.6.1/stm32cubeide/plugins/com.st.stm32cube.ide.mcu.externaltools.gnu-tools-for-stm32.9-2020-q2-update.win32_1.5.0.202011040924/tools/bin/../lib/gcc/arm-none-eabi/9.3.1/thumb/v6-m/nofp/crtbegin.o
 .text          0x0000000008000108      0x114 c:/st/stm32cubeide_1.6.1/stm32cubeide/plugins/com.st.stm32cube.ide.mcu.externaltools.gnu-tools-for-stm32.9-2020-q2-update.win32_1.5.0.202011040924/tools/bin/../lib/gcc/arm-none-eabi/9.3.1/thumb/v6-m/nofp\libgcc.a(_udivsi3.o)
                0x0000000008000108                __aeabi_uidiv
                0x0000000008000108                __udivsi3
                0x0000000008000214                __aeabi_uidivmod
 .text          0x000000000800021c        0x4 c:/st/stm32cubeide_1.6.1/stm32cubeide/plugins/com.st.stm32cube.ide.mcu.externaltools.gnu-tools-for-stm32.9-2020-q2-update.win32_1.5.0.202011040924/tools/bin/../lib/gcc/arm-none-eabi/9.3.1/thumb/v6-m/nofp\libgcc.a(_dvmd_tls.o)
                0x000000000800021c                __aeabi_idiv0
                0x000000000800021c                __aeabi_ldiv0
 .text          0x0000000008000220       0x74 c:/st/stm32cubeide_1.6.1/stm32cubeide/plugins/com.st.stm32cube.ide.mcu.externaltools.gnu-tools-for-stm32.9-2020-q2-update.win32_1.5.0.202011040924/tools/bin/../lib/gcc/arm-none-eabi/9.3.1/thumb/v6-m/nofp\libgcc.a(_arm_cmpsf2.o)
                0x0000000008000220                __aeabi_cfrcmple
                0x0000000008000228                __aeabi_cfcmpeq
                0x0000000008000228                __aeabi_cfcmple
                0x0000000008000238                __aeabi_fcmpeq
                0x0000000008000244                __aeabi_fcmplt
                0x0000000008000258                __aeabi_fcmple
                0x000000000800026c                __aeabi_fcmpgt
                0x0000000008000280                __aeabi_fcmpge
 .text          0x0000000008000294      0x338 c:/st/stm32cubeide_1.6.1/stm32cubeide/plugins/com.st.stm32cube.ide.mcu.externaltools.gnu-tools-for-stm32.9-2020-q2-update.win32_1.5.0.202011040924/tools/bin/../lib/gcc/arm-none-eabi/9.3.1/thumb/v6-m/nofp\libgcc.a(addsf3.o)
                0x0000000008000294                __aeabi_fadd
 .text          0x00000000080005cc      0x218 c:/st/stm32cubeide_1.6.1/stm32cubeide/plugins/com.st.stm32cube.ide.mcu.externaltools.gnu-tools-for-stm32.9-2020-q2-update.win32_1.5.0.202011040924/tools/bin/../lib/gcc/arm-none-eabi/9.3.1/thumb/v6-m/nofp\libgcc.a(divsf3.o)
                0x00000000080005cc                __aeabi_fdiv
 .text          0x00000000080007e4       0x50 c:/st/stm32cubeide_1.6.1/stm32cubeide/plugins/com.st.stm32cube.ide.mcu.externaltools.gnu-tools-for-stm32.9-2020-q2-update.win32_1.5.0.202011040924/tools/bin/../lib/gcc/arm-none-eabi/9.3.1/thumb/v6-m/nofp\libgcc.a(eqsf2.o)
                0x00000000080007e4                __eqsf2
                0x00000000080007e4                __nesf2
 .text          0x0000000008000834       0x98 c:/st/stm32cubeide_1.6.1/stm32cubeide/plugins/com.st.stm32cube.ide.mcu.externaltools.gnu-tools-for-stm32.9-2020-q2-update.win32_1.5.0.202011040924/tools/bin/../lib/gcc/arm-none-eabi/9.3.1/thumb/v6-m/nofp\libgcc.a(gesf2.o)
                0x0000000008000834                __gesf2
                0x0000000008000834                __gtsf2
 .text          0x00000000080008cc       0x94 c:/st/stm32cubeide_1.6.1/stm32cubeide/plugins/com.st.stm32cube.ide.mcu.externaltools.gnu-tools-for-stm32.9-2020-q2-update.win32_1.5.0.202011040924/tools/bin/../lib/gcc/arm-none-eabi/9.3.1/thumb/v6-m/nofp\libgcc.a(lesf2.o)
                0x00000000080008cc                __ltsf2
                0x00000000080008cc                __lesf2
 .text          0x0000000008000960      0x234 c:/st/stm32cubeide_1.6.1/stm32cubeide/plugins/com.st.stm32cube.ide.mcu.externaltools.gnu-tools-for-stm32.9-2020-q2-update.win32_1.5.0.202011040924/tools/bin/../lib/gcc/arm-none-eabi/9.3.1/thumb/v6-m/nofp\libgcc.a(mulsf3.o)
                0x0000000008000960                __aeabi_fmul
 .text          0x0000000008000b94      0x390 c:/st/stm32cubeide_1.6.1/stm32cubeide/plugins/com.st.stm32cube.ide.mcu.externaltools.gnu-tools-for-stm32.9-2020-q2-update.win32_1.5.0.202011040924/tools/bin/../lib/gcc/arm-none-eabi/9.3.1/thumb/v6-m/nofp\libgcc.a(subsf3.o)
                0x0000000008000b94                __aeabi_fsub
 .text          0x0000000008000f24       0x40 c:/st/stm32cubeide_1.6.1/stm32cubeide/plugins/com.st.stm32cube.ide.mcu.externaltools.gnu-tools-for-stm32.9-2020-q2-update.win32_1.5.0.202011040924/tools/bin/../lib/gcc/arm-none-eabi/9.3.1/thumb/v6-m/nofp\libgcc.a(fixsfsi.o)
                0x0000000008000f24                __aeabi_f2iz
 .text          0x0000000008000f64      0x5d0 c:/st/stm32cubeide_1.6.1/stm32cubeide/plugins/com.st.stm32cube.ide.mcu.externaltools.gnu-tools-for-stm32.9-2020-q2-update.win32_1.5.0.202011040924/tools/bin/../lib/gcc/arm-none-eabi/9.3.1/thumb/v6-m/nofp\libgcc.a(divdf3.o)
                0x0000000008000f64                __aeabi_ddiv
 .text          0x0000000008001534      0x4d8 c:/st/stm32cubeide_1.6.1/stm32cubeide/plugins/com.st.stm32cube.ide.mcu.externaltools.gnu-tools-for-stm32.9-2020-q2-update.win32_1.5.0.202011040924/tools/bin/../lib/gcc/arm-none-eabi/9.3.1/thumb/v6-m/nofp\libgcc.a(muldf3.o)
                0x0000000008001534                __aeabi_dmul
 .text          0x0000000008001a0c       0x60 c:/st/stm32cubeide_1.6.1/stm32cubeide/plugins/com.st.stm32cube.ide.mcu.externaltools.gnu-tools-for-stm32.9-2020-q2-update.win32_1.5.0.202011040924/tools/bin/../lib/gcc/arm-none-eabi/9.3.1/thumb/v6-m/nofp\libgcc.a(floatsidf.o)
                0x0000000008001a0c                __aeabi_i2d
 .text          0x0000000008001a6c      0x110 c:/st/stm32cubeide_1.6.1/stm32cubeide/plugins/com.st.stm32cube.ide.mcu.externaltools.gnu-tools-for-stm32.9-2020-q2-update.win32_1.5.0.202011040924/tools/bin/../lib/gcc/arm-none-eabi/9.3.1/thumb/v6-m/nofp\libgcc.a(truncdfsf2.o)
                0x0000000008001a6c                __aeabi_d2f
 .text          0x0000000008001b7c       0x3c c:/st/stm32cubeide_1.6.1/stm32cubeide/plugins/com.st.stm32cube.ide.mcu.externaltools.gnu-tools-for-stm32.9-2020-q2-update.win32_1.5.0.202011040924/tools/bin/../lib/gcc/arm-none-eabi/9.3.1/thumb/v6-m/nofp\libgcc.a(_clzsi2.o)
                0x0000000008001b7c                __clzsi2
 *(.text*)
 .text.SystemInit
                0x0000000008001bb8        0xa CMSIS/Src/system_stm32f0xx.o
                0x0000000008001bb8                SystemInit
 .text.Button_init
                0x0000000008001bc2       0x12 Src/Button.o
                0x0000000008001bc2                Button_init
 .text.Encoder_init
                0x0000000008001bd4       0x16 Src/Encoder.o
                0x0000000008001bd4                Encoder_init
 .text.Motor_init
                0x0000000008001bea       0x12 Src/Motor.o
                0x0000000008001bea                Motor_init
 .text.SET_ARR_VELOSITY
                0x0000000008001bfc       0x58 Src/PID.o
                0x0000000008001bfc                SET_ARR_VELOSITY
 .text.SET_DELAY_ZEROS
                0x0000000008001c54       0x40 Src/PID.o
                0x0000000008001c54                SET_DELAY_ZEROS
 .text.PID_ENABLE
                0x0000000008001c94       0x48 Src/PID.o
                0x0000000008001c94                PID_ENABLE
 .text.PID_set  0x0000000008001cdc      0x180 Src/PID.o
                0x0000000008001cdc                PID_set
 .text.__NVIC_EnableIRQ
                0x0000000008001e5c       0x34 Src/gpio.o
 .text.__NVIC_SetPriority
                0x0000000008001e90       0xdc Src/gpio.o
 .text.EXTI0_1_IRQHandler
                0x0000000008001f6c      0x134 Src/gpio.o
                0x0000000008001f6c                EXTI0_1_IRQHandler
 .text.GPIOEncoder_init
                0x00000000080020a0       0x74 Src/gpio.o
                0x00000000080020a0                GPIOEncoder_init
 .text.EXTI2_3_IRQHandler
                0x0000000008002114       0x6c Src/gpio.o
                0x0000000008002114                EXTI2_3_IRQHandler
 .text.GPIOButton_init
                0x0000000008002180       0x74 Src/gpio.o
                0x0000000008002180                GPIOButton_init
 .text.GPIOPC8_init
                0x00000000080021f4       0x30 Src/gpio.o
                0x00000000080021f4                GPIOPC8_init
 .text.PWM_SET_VAL
                0x0000000008002224       0x1c Src/gpio.o
                0x0000000008002224                PWM_SET_VAL
 .text.main     0x0000000008002240       0x16 Src/main.o
                0x0000000008002240                main
 *fill*         0x0000000008002256        0x2 
 .text.__NVIC_EnableIRQ
                0x0000000008002258       0x34 Src/tim.o
 .text.__NVIC_SetPriority
                0x000000000800228c       0xdc Src/tim.o
 .text.TIM6_DAC_IRQHandler
                0x0000000008002368       0x3c Src/tim.o
                0x0000000008002368                TIM6_DAC_IRQHandler
 .text.TIM6_init
                0x00000000080023a4       0x64 Src/tim.o
                0x00000000080023a4                TIM6_init
 .text.PWM_Init_PC8
                0x0000000008002408       0x7c Src/tim.o
                0x0000000008002408                PWM_Init_PC8
 .text.Reset_Handler
                0x0000000008002484       0x50 Startup/startup_stm32f051r8tx.o
                0x0000000008002484                Reset_Handler
 .text.Default_Handler
                0x00000000080024d4        0x2 Startup/startup_stm32f051r8tx.o
                0x00000000080024d4                DMA1_CH4_5_6_7_DMA2_CH3_4_5_IRQHandler
                0x00000000080024d4                TIM1_CC_IRQHandler
                0x00000000080024d4                TSC_IRQHandler
                0x00000000080024d4                HardFault_Handler
                0x00000000080024d4                SysTick_Handler
                0x00000000080024d4                PVD_IRQHandler
                0x00000000080024d4                PendSV_Handler
                0x00000000080024d4                NMI_Handler
                0x00000000080024d4                I2C1_IRQHandler
                0x00000000080024d4                RCC_CRS_IRQHandler
                0x00000000080024d4                SPI1_IRQHandler
                0x00000000080024d4                I2C2_IRQHandler
                0x00000000080024d4                TIM17_IRQHandler
                0x00000000080024d4                CEC_CAN_IRQHandler
                0x00000000080024d4                RTC_IRQHandler
                0x00000000080024d4                TIM16_IRQHandler
                0x00000000080024d4                TIM3_IRQHandler
                0x00000000080024d4                EXTI4_15_IRQHandler
                0x00000000080024d4                Default_Handler
                0x00000000080024d4                DMA1_CH2_3_DMA2_CH1_2_IRQHandler
                0x00000000080024d4                TIM14_IRQHandler
                0x00000000080024d4                TIM7_IRQHandler
                0x00000000080024d4                TIM15_IRQHandler
                0x00000000080024d4                USB_IRQHandler
                0x00000000080024d4                SPI2_IRQHandler
                0x00000000080024d4                DMA1_CH1_IRQHandler
                0x00000000080024d4                SVC_Handler
                0x00000000080024d4                WWDG_IRQHandler
                0x00000000080024d4                TIM2_IRQHandler
                0x00000000080024d4                ADC_COMP_IRQHandler
                0x00000000080024d4                USART2_IRQHandler
                0x00000000080024d4                USART3_4_5_6_7_8_IRQHandler
                0x00000000080024d4                FLASH_IRQHandler
                0x00000000080024d4                USART1_IRQHandler
                0x00000000080024d4                TIM1_BRK_UP_TRG_COM_IRQHandler
 *fill*         0x00000000080024d6        0x2 
 .text.__libc_init_array
                0x00000000080024d8       0x48 c:/st/stm32cubeide_1.6.1/stm32cubeide/plugins/com.st.stm32cube.ide.mcu.externaltools.gnu-tools-for-stm32.9-2020-q2-update.win32_1.5.0.202011040924/tools/bin/../lib/gcc/arm-none-eabi/9.3.1/../../../../arm-none-eabi/lib/thumb/v6-m/nofp\libc_nano.a(lib_a-init.o)
                0x00000000080024d8                __libc_init_array
 *(.glue_7)
 .glue_7        0x0000000008002520        0x0 linker stubs
 *(.glue_7t)
 .glue_7t       0x0000000008002520        0x0 linker stubs
 *(.eh_frame)
 .eh_frame      0x0000000008002520        0x0 c:/st/stm32cubeide_1.6.1/stm32cubeide/plugins/com.st.stm32cube.ide.mcu.externaltools.gnu-tools-for-stm32.9-2020-q2-update.win32_1.5.0.202011040924/tools/bin/../lib/gcc/arm-none-eabi/9.3.1/thumb/v6-m/nofp/crtbegin.o
 *(.init)
 .init          0x0000000008002520        0x4 c:/st/stm32cubeide_1.6.1/stm32cubeide/plugins/com.st.stm32cube.ide.mcu.externaltools.gnu-tools-for-stm32.9-2020-q2-update.win32_1.5.0.202011040924/tools/bin/../lib/gcc/arm-none-eabi/9.3.1/thumb/v6-m/nofp/crti.o
                0x0000000008002520                _init
 .init          0x0000000008002524        0x8 c:/st/stm32cubeide_1.6.1/stm32cubeide/plugins/com.st.stm32cube.ide.mcu.externaltools.gnu-tools-for-stm32.9-2020-q2-update.win32_1.5.0.202011040924/tools/bin/../lib/gcc/arm-none-eabi/9.3.1/thumb/v6-m/nofp/crtn.o
 *(.fini)
 .fini          0x000000000800252c        0x4 c:/st/stm32cubeide_1.6.1/stm32cubeide/plugins/com.st.stm32cube.ide.mcu.externaltools.gnu-tools-for-stm32.9-2020-q2-update.win32_1.5.0.202011040924/tools/bin/../lib/gcc/arm-none-eabi/9.3.1/thumb/v6-m/nofp/crti.o
                0x000000000800252c                _fini
 .fini          0x0000000008002530        0x8 c:/st/stm32cubeide_1.6.1/stm32cubeide/plugins/com.st.stm32cube.ide.mcu.externaltools.gnu-tools-for-stm32.9-2020-q2-update.win32_1.5.0.202011040924/tools/bin/../lib/gcc/arm-none-eabi/9.3.1/thumb/v6-m/nofp/crtn.o
                0x0000000008002538                . = ALIGN (0x4)
                0x0000000008002538                _etext = .

.vfp11_veneer   0x0000000008002538        0x0
 .vfp11_veneer  0x0000000008002538        0x0 linker stubs

.v4_bx          0x0000000008002538        0x0
 .v4_bx         0x0000000008002538        0x0 linker stubs

.iplt           0x0000000008002538        0x0
 .iplt          0x0000000008002538        0x0 c:/st/stm32cubeide_1.6.1/stm32cubeide/plugins/com.st.stm32cube.ide.mcu.externaltools.gnu-tools-for-stm32.9-2020-q2-update.win32_1.5.0.202011040924/tools/bin/../lib/gcc/arm-none-eabi/9.3.1/thumb/v6-m/nofp/crtbegin.o

.rodata         0x0000000008002538      0x140
                0x0000000008002538                . = ALIGN (0x4)
 *(.rodata)
 .rodata        0x0000000008002538       0x80 c:/st/stm32cubeide_1.6.1/stm32cubeide/plugins/com.st.stm32cube.ide.mcu.externaltools.gnu-tools-for-stm32.9-2020-q2-update.win32_1.5.0.202011040924/tools/bin/../lib/gcc/arm-none-eabi/9.3.1/thumb/v6-m/nofp\libgcc.a(divsf3.o)
 .rodata        0x00000000080025b8       0x40 c:/st/stm32cubeide_1.6.1/stm32cubeide/plugins/com.st.stm32cube.ide.mcu.externaltools.gnu-tools-for-stm32.9-2020-q2-update.win32_1.5.0.202011040924/tools/bin/../lib/gcc/arm-none-eabi/9.3.1/thumb/v6-m/nofp\libgcc.a(mulsf3.o)
 .rodata        0x00000000080025f8       0x40 c:/st/stm32cubeide_1.6.1/stm32cubeide/plugins/com.st.stm32cube.ide.mcu.externaltools.gnu-tools-for-stm32.9-2020-q2-update.win32_1.5.0.202011040924/tools/bin/../lib/gcc/arm-none-eabi/9.3.1/thumb/v6-m/nofp\libgcc.a(divdf3.o)
 .rodata        0x0000000008002638       0x40 c:/st/stm32cubeide_1.6.1/stm32cubeide/plugins/com.st.stm32cube.ide.mcu.externaltools.gnu-tools-for-stm32.9-2020-q2-update.win32_1.5.0.202011040924/tools/bin/../lib/gcc/arm-none-eabi/9.3.1/thumb/v6-m/nofp\libgcc.a(muldf3.o)
 *(.rodata*)
                0x0000000008002678                . = ALIGN (0x4)

.rel.dyn        0x0000000008002678        0x0
 .rel.iplt      0x0000000008002678        0x0 c:/st/stm32cubeide_1.6.1/stm32cubeide/plugins/com.st.stm32cube.ide.mcu.externaltools.gnu-tools-for-stm32.9-2020-q2-update.win32_1.5.0.202011040924/tools/bin/../lib/gcc/arm-none-eabi/9.3.1/thumb/v6-m/nofp/crtbegin.o

.ARM.extab      0x0000000008002678        0x0
                0x0000000008002678                . = ALIGN (0x4)
 *(.ARM.extab* .gnu.linkonce.armextab.*)
                0x0000000008002678                . = ALIGN (0x4)

.ARM            0x0000000008002678        0x0
                0x0000000008002678                . = ALIGN (0x4)
                0x0000000008002678                __exidx_start = .
 *(.ARM.exidx*)
                0x0000000008002678                __exidx_end = .
                0x0000000008002678                . = ALIGN (0x4)

.preinit_array  0x0000000008002678        0x0
                0x0000000008002678                . = ALIGN (0x4)
                0x0000000008002678                PROVIDE (__preinit_array_start = .)
 *(.preinit_array*)
                0x0000000008002678                PROVIDE (__preinit_array_end = .)
                0x0000000008002678                . = ALIGN (0x4)

.init_array     0x0000000008002678        0x4
                0x0000000008002678                . = ALIGN (0x4)
                0x0000000008002678                PROVIDE (__init_array_start = .)
 *(SORT_BY_NAME(.init_array.*))
 *(.init_array*)
 .init_array    0x0000000008002678        0x4 c:/st/stm32cubeide_1.6.1/stm32cubeide/plugins/com.st.stm32cube.ide.mcu.externaltools.gnu-tools-for-stm32.9-2020-q2-update.win32_1.5.0.202011040924/tools/bin/../lib/gcc/arm-none-eabi/9.3.1/thumb/v6-m/nofp/crtbegin.o
                0x000000000800267c                PROVIDE (__init_array_end = .)
                0x000000000800267c                . = ALIGN (0x4)

.fini_array     0x000000000800267c        0x4
                0x000000000800267c                . = ALIGN (0x4)
                [!provide]                        PROVIDE (__fini_array_start = .)
 *(SORT_BY_NAME(.fini_array.*))
 *(.fini_array*)
 .fini_array    0x000000000800267c        0x4 c:/st/stm32cubeide_1.6.1/stm32cubeide/plugins/com.st.stm32cube.ide.mcu.externaltools.gnu-tools-for-stm32.9-2020-q2-update.win32_1.5.0.202011040924/tools/bin/../lib/gcc/arm-none-eabi/9.3.1/thumb/v6-m/nofp/crtbegin.o
                [!provide]                        PROVIDE (__fini_array_end = .)
                0x0000000008002680                . = ALIGN (0x4)
                0x0000000008002680                _sidata = LOADADDR (.data)

.data           0x0000000020000000        0xc load address 0x0000000008002680
                0x0000000020000000                . = ALIGN (0x4)
                0x0000000020000000                _sdata = .
 *(.data)
 *(.data*)
 .data.Kp       0x0000000020000000        0x4 Src/PID.o
                0x0000000020000000                Kp
 .data.Ki       0x0000000020000004        0x4 Src/PID.o
                0x0000000020000004                Ki
 .data.Kd       0x0000000020000008        0x4 Src/PID.o
                0x0000000020000008                Kd
 *(.RamFunc)
 *(.RamFunc*)
                0x000000002000000c                . = ALIGN (0x4)
                0x000000002000000c                _edata = .

.igot.plt       0x000000002000000c        0x0 load address 0x000000000800268c
 .igot.plt      0x000000002000000c        0x0 c:/st/stm32cubeide_1.6.1/stm32cubeide/plugins/com.st.stm32cube.ide.mcu.externaltools.gnu-tools-for-stm32.9-2020-q2-update.win32_1.5.0.202011040924/tools/bin/../lib/gcc/arm-none-eabi/9.3.1/thumb/v6-m/nofp/crtbegin.o
                0x000000002000000c                . = ALIGN (0x4)

.bss            0x000000002000000c      0x38c load address 0x000000000800268c
                0x000000002000000c                _sbss = .
                0x000000002000000c                __bss_start__ = _sbss
 *(.bss)
 .bss           0x000000002000000c       0x1c c:/st/stm32cubeide_1.6.1/stm32cubeide/plugins/com.st.stm32cube.ide.mcu.externaltools.gnu-tools-for-stm32.9-2020-q2-update.win32_1.5.0.202011040924/tools/bin/../lib/gcc/arm-none-eabi/9.3.1/thumb/v6-m/nofp/crtbegin.o
 *(.bss*)
 .bss.resI      0x0000000020000028        0x4 Src/PID.o
                0x0000000020000028                resI
 .bss.PrevErr   0x000000002000002c        0x4 Src/PID.o
                0x000000002000002c                PrevErr
 .bss.timer.4752
                0x0000000020000030        0x4 Src/gpio.o
 .bss.counter.4753
                0x0000000020000034        0x1 Src/gpio.o
 .bss.button.4762
                0x0000000020000035        0x1 Src/gpio.o
 *(COMMON)
 *fill*         0x0000000020000036        0x2 
 COMMON         0x0000000020000038      0x350 Src/Button.o
                0x0000000020000038                flag
                0x000000002000003c                VELOSITY_UST
                0x0000000020000058                VELOSITY_DELAY
                0x00000000200001e8                dt_DELAY
                0x0000000020000378                SET_VELOSITY
                0x000000002000037c                PWM
                0x0000000020000380                VELOSITY
                0x0000000020000384                dt
 COMMON         0x0000000020000388       0x10 Src/PID.o
                0x0000000020000388                PID
                0x000000002000038c                Err
                0x0000000020000390                resD
                0x0000000020000394                resP
                0x0000000020000398                . = ALIGN (0x4)
                0x0000000020000398                _ebss = .
                0x0000000020000398                __bss_end__ = _ebss

._user_heap_stack
                0x0000000020000398      0x600 load address 0x000000000800268c
                0x0000000020000398                . = ALIGN (0x8)
                [!provide]                        PROVIDE (end = .)
                0x0000000020000398                PROVIDE (_end = .)
                0x0000000020000598                . = (. + _Min_Heap_Size)
 *fill*         0x0000000020000398      0x200 
                0x0000000020000998                . = (. + _Min_Stack_Size)
 *fill*         0x0000000020000598      0x400 
                0x0000000020000998                . = ALIGN (0x8)

/DISCARD/
 libc.a(*)
 libm.a(*)
 libgcc.a(*)

.ARM.attributes
                0x0000000000000000       0x28
 *(.ARM.attributes)
 .ARM.attributes
                0x0000000000000000       0x1e c:/st/stm32cubeide_1.6.1/stm32cubeide/plugins/com.st.stm32cube.ide.mcu.externaltools.gnu-tools-for-stm32.9-2020-q2-update.win32_1.5.0.202011040924/tools/bin/../lib/gcc/arm-none-eabi/9.3.1/thumb/v6-m/nofp/crti.o
 .ARM.attributes
                0x000000000000001e       0x2c c:/st/stm32cubeide_1.6.1/stm32cubeide/plugins/com.st.stm32cube.ide.mcu.externaltools.gnu-tools-for-stm32.9-2020-q2-update.win32_1.5.0.202011040924/tools/bin/../lib/gcc/arm-none-eabi/9.3.1/thumb/v6-m/nofp/crtbegin.o
 .ARM.attributes
                0x000000000000004a       0x2c CMSIS/Src/system_stm32f0xx.o
 .ARM.attributes
                0x0000000000000076       0x2c Src/Button.o
 .ARM.attributes
                0x00000000000000a2       0x2c Src/Encoder.o
 .ARM.attributes
                0x00000000000000ce       0x2c Src/Motor.o
 .ARM.attributes
                0x00000000000000fa       0x2c Src/PID.o
 .ARM.attributes
                0x0000000000000126       0x2c Src/gpio.o
 .ARM.attributes
                0x0000000000000152       0x2c Src/main.o
 .ARM.attributes
                0x000000000000017e       0x2c Src/tim.o
 .ARM.attributes
                0x00000000000001aa       0x21 Startup/startup_stm32f051r8tx.o
 .ARM.attributes
                0x00000000000001cb       0x2c c:/st/stm32cubeide_1.6.1/stm32cubeide/plugins/com.st.stm32cube.ide.mcu.externaltools.gnu-tools-for-stm32.9-2020-q2-update.win32_1.5.0.202011040924/tools/bin/../lib/gcc/arm-none-eabi/9.3.1/../../../../arm-none-eabi/lib/thumb/v6-m/nofp\libc_nano.a(lib_a-init.o)
 .ARM.attributes
                0x00000000000001f7       0x1e c:/st/stm32cubeide_1.6.1/stm32cubeide/plugins/com.st.stm32cube.ide.mcu.externaltools.gnu-tools-for-stm32.9-2020-q2-update.win32_1.5.0.202011040924/tools/bin/../lib/gcc/arm-none-eabi/9.3.1/thumb/v6-m/nofp\libgcc.a(_udivsi3.o)
 .ARM.attributes
                0x0000000000000215       0x1e c:/st/stm32cubeide_1.6.1/stm32cubeide/plugins/com.st.stm32cube.ide.mcu.externaltools.gnu-tools-for-stm32.9-2020-q2-update.win32_1.5.0.202011040924/tools/bin/../lib/gcc/arm-none-eabi/9.3.1/thumb/v6-m/nofp\libgcc.a(_dvmd_tls.o)
 .ARM.attributes
                0x0000000000000233       0x1e c:/st/stm32cubeide_1.6.1/stm32cubeide/plugins/com.st.stm32cube.ide.mcu.externaltools.gnu-tools-for-stm32.9-2020-q2-update.win32_1.5.0.202011040924/tools/bin/../lib/gcc/arm-none-eabi/9.3.1/thumb/v6-m/nofp\libgcc.a(_arm_cmpsf2.o)
 .ARM.attributes
                0x0000000000000251       0x2c c:/st/stm32cubeide_1.6.1/stm32cubeide/plugins/com.st.stm32cube.ide.mcu.externaltools.gnu-tools-for-stm32.9-2020-q2-update.win32_1.5.0.202011040924/tools/bin/../lib/gcc/arm-none-eabi/9.3.1/thumb/v6-m/nofp\libgcc.a(addsf3.o)
 .ARM.attributes
                0x000000000000027d       0x2c c:/st/stm32cubeide_1.6.1/stm32cubeide/plugins/com.st.stm32cube.ide.mcu.externaltools.gnu-tools-for-stm32.9-2020-q2-update.win32_1.5.0.202011040924/tools/bin/../lib/gcc/arm-none-eabi/9.3.1/thumb/v6-m/nofp\libgcc.a(divsf3.o)
 .ARM.attributes
                0x00000000000002a9       0x2c c:/st/stm32cubeide_1.6.1/stm32cubeide/plugins/com.st.stm32cube.ide.mcu.externaltools.gnu-tools-for-stm32.9-2020-q2-update.win32_1.5.0.202011040924/tools/bin/../lib/gcc/arm-none-eabi/9.3.1/thumb/v6-m/nofp\libgcc.a(eqsf2.o)
 .ARM.attributes
                0x00000000000002d5       0x2c c:/st/stm32cubeide_1.6.1/stm32cubeide/plugins/com.st.stm32cube.ide.mcu.externaltools.gnu-tools-for-stm32.9-2020-q2-update.win32_1.5.0.202011040924/tools/bin/../lib/gcc/arm-none-eabi/9.3.1/thumb/v6-m/nofp\libgcc.a(gesf2.o)
 .ARM.attributes
                0x0000000000000301       0x2c c:/st/stm32cubeide_1.6.1/stm32cubeide/plugins/com.st.stm32cube.ide.mcu.externaltools.gnu-tools-for-stm32.9-2020-q2-update.win32_1.5.0.202011040924/tools/bin/../lib/gcc/arm-none-eabi/9.3.1/thumb/v6-m/nofp\libgcc.a(lesf2.o)
 .ARM.attributes
                0x000000000000032d       0x2c c:/st/stm32cubeide_1.6.1/stm32cubeide/plugins/com.st.stm32cube.ide.mcu.externaltools.gnu-tools-for-stm32.9-2020-q2-update.win32_1.5.0.202011040924/tools/bin/../lib/gcc/arm-none-eabi/9.3.1/thumb/v6-m/nofp\libgcc.a(mulsf3.o)
 .ARM.attributes
                0x0000000000000359       0x2c c:/st/stm32cubeide_1.6.1/stm32cubeide/plugins/com.st.stm32cube.ide.mcu.externaltools.gnu-tools-for-stm32.9-2020-q2-update.win32_1.5.0.202011040924/tools/bin/../lib/gcc/arm-none-eabi/9.3.1/thumb/v6-m/nofp\libgcc.a(subsf3.o)
 .ARM.attributes
                0x0000000000000385       0x2c c:/st/stm32cubeide_1.6.1/stm32cubeide/plugins/com.st.stm32cube.ide.mcu.externaltools.gnu-tools-for-stm32.9-2020-q2-update.win32_1.5.0.202011040924/tools/bin/../lib/gcc/arm-none-eabi/9.3.1/thumb/v6-m/nofp\libgcc.a(fixsfsi.o)
 .ARM.attributes
                0x00000000000003b1       0x2c c:/st/stm32cubeide_1.6.1/stm32cubeide/plugins/com.st.stm32cube.ide.mcu.externaltools.gnu-tools-for-stm32.9-2020-q2-update.win32_1.5.0.202011040924/tools/bin/../lib/gcc/arm-none-eabi/9.3.1/thumb/v6-m/nofp\libgcc.a(divdf3.o)
 .ARM.attributes
                0x00000000000003dd       0x2c c:/st/stm32cubeide_1.6.1/stm32cubeide/plugins/com.st.stm32cube.ide.mcu.externaltools.gnu-tools-for-stm32.9-2020-q2-update.win32_1.5.0.202011040924/tools/bin/../lib/gcc/arm-none-eabi/9.3.1/thumb/v6-m/nofp\libgcc.a(muldf3.o)
 .ARM.attributes
                0x0000000000000409       0x2c c:/st/stm32cubeide_1.6.1/stm32cubeide/plugins/com.st.stm32cube.ide.mcu.externaltools.gnu-tools-for-stm32.9-2020-q2-update.win32_1.5.0.202011040924/tools/bin/../lib/gcc/arm-none-eabi/9.3.1/thumb/v6-m/nofp\libgcc.a(floatsidf.o)
 .ARM.attributes
                0x0000000000000435       0x2c c:/st/stm32cubeide_1.6.1/stm32cubeide/plugins/com.st.stm32cube.ide.mcu.externaltools.gnu-tools-for-stm32.9-2020-q2-update.win32_1.5.0.202011040924/tools/bin/../lib/gcc/arm-none-eabi/9.3.1/thumb/v6-m/nofp\libgcc.a(truncdfsf2.o)
 .ARM.attributes
                0x0000000000000461       0x1e c:/st/stm32cubeide_1.6.1/stm32cubeide/plugins/com.st.stm32cube.ide.mcu.externaltools.gnu-tools-for-stm32.9-2020-q2-update.win32_1.5.0.202011040924/tools/bin/../lib/gcc/arm-none-eabi/9.3.1/thumb/v6-m/nofp\libgcc.a(_clzsi2.o)
 .ARM.attributes
                0x000000000000047f       0x1e c:/st/stm32cubeide_1.6.1/stm32cubeide/plugins/com.st.stm32cube.ide.mcu.externaltools.gnu-tools-for-stm32.9-2020-q2-update.win32_1.5.0.202011040924/tools/bin/../lib/gcc/arm-none-eabi/9.3.1/thumb/v6-m/nofp/crtn.o
OUTPUT(New_encoder.elf elf32-littlearm)
LOAD linker stubs
LOAD c:/st/stm32cubeide_1.6.1/stm32cubeide/plugins/com.st.stm32cube.ide.mcu.externaltools.gnu-tools-for-stm32.9-2020-q2-update.win32_1.5.0.202011040924/tools/bin/../lib/gcc/arm-none-eabi/9.3.1/../../../../arm-none-eabi/lib/thumb/v6-m/nofp\libc.a
LOAD c:/st/stm32cubeide_1.6.1/stm32cubeide/plugins/com.st.stm32cube.ide.mcu.externaltools.gnu-tools-for-stm32.9-2020-q2-update.win32_1.5.0.202011040924/tools/bin/../lib/gcc/arm-none-eabi/9.3.1/../../../../arm-none-eabi/lib/thumb/v6-m/nofp\libm.a
LOAD c:/st/stm32cubeide_1.6.1/stm32cubeide/plugins/com.st.stm32cube.ide.mcu.externaltools.gnu-tools-for-stm32.9-2020-q2-update.win32_1.5.0.202011040924/tools/bin/../lib/gcc/arm-none-eabi/9.3.1/thumb/v6-m/nofp\libgcc.a

.debug_info     0x0000000000000000     0x1c67
 .debug_info    0x0000000000000000      0x262 CMSIS/Src/system_stm32f0xx.o
 .debug_info    0x0000000000000262      0x1bb Src/Button.o
 .debug_info    0x000000000000041d      0x1bb Src/Encoder.o
 .debug_info    0x00000000000005d8      0x1bb Src/Motor.o
 .debug_info    0x0000000000000793      0x2f1 Src/PID.o
 .debug_info    0x0000000000000a84      0x908 Src/gpio.o
 .debug_info    0x000000000000138c      0x1bf Src/main.o
 .debug_info    0x000000000000154b      0x6fa Src/tim.o
 .debug_info    0x0000000000001c45       0x22 Startup/startup_stm32f051r8tx.o

.debug_abbrev   0x0000000000000000      0x8de
 .debug_abbrev  0x0000000000000000      0x116 CMSIS/Src/system_stm32f0xx.o
 .debug_abbrev  0x0000000000000116       0xa6 Src/Button.o
 .debug_abbrev  0x00000000000001bc       0xa6 Src/Encoder.o
 .debug_abbrev  0x0000000000000262       0xa6 Src/Motor.o
 .debug_abbrev  0x0000000000000308      0x121 Src/PID.o
 .debug_abbrev  0x0000000000000429      0x25b Src/gpio.o
 .debug_abbrev  0x0000000000000684       0xaa Src/main.o
 .debug_abbrev  0x000000000000072e      0x19e Src/tim.o
 .debug_abbrev  0x00000000000008cc       0x12 Startup/startup_stm32f051r8tx.o

.debug_aranges  0x0000000000000000      0x1a0
 .debug_aranges
                0x0000000000000000       0x28 CMSIS/Src/system_stm32f0xx.o
 .debug_aranges
                0x0000000000000028       0x20 Src/Button.o
 .debug_aranges
                0x0000000000000048       0x20 Src/Encoder.o
 .debug_aranges
                0x0000000000000068       0x20 Src/Motor.o
 .debug_aranges
                0x0000000000000088       0x38 Src/PID.o
 .debug_aranges
                0x00000000000000c0       0x58 Src/gpio.o
 .debug_aranges
                0x0000000000000118       0x20 Src/main.o
 .debug_aranges
                0x0000000000000138       0x40 Src/tim.o
 .debug_aranges
                0x0000000000000178       0x28 Startup/startup_stm32f051r8tx.o

.debug_ranges   0x0000000000000000      0x118
 .debug_ranges  0x0000000000000000       0x18 CMSIS/Src/system_stm32f0xx.o
 .debug_ranges  0x0000000000000018       0x10 Src/Button.o
 .debug_ranges  0x0000000000000028       0x10 Src/Encoder.o
 .debug_ranges  0x0000000000000038       0x10 Src/Motor.o
 .debug_ranges  0x0000000000000048       0x28 Src/PID.o
 .debug_ranges  0x0000000000000070       0x48 Src/gpio.o
 .debug_ranges  0x00000000000000b8       0x10 Src/main.o
 .debug_ranges  0x00000000000000c8       0x30 Src/tim.o
 .debug_ranges  0x00000000000000f8       0x20 Startup/startup_stm32f051r8tx.o

.debug_macro    0x0000000000000000     0xa85c
 .debug_macro   0x0000000000000000       0xcc CMSIS/Src/system_stm32f0xx.o
 .debug_macro   0x00000000000000cc      0xa84 CMSIS/Src/system_stm32f0xx.o
 .debug_macro   0x0000000000000b50       0x2e CMSIS/Src/system_stm32f0xx.o
 .debug_macro   0x0000000000000b7e       0x22 CMSIS/Src/system_stm32f0xx.o
 .debug_macro   0x0000000000000ba0       0x22 CMSIS/Src/system_stm32f0xx.o
 .debug_macro   0x0000000000000bc2       0x8e CMSIS/Src/system_stm32f0xx.o
 .debug_macro   0x0000000000000c50       0x51 CMSIS/Src/system_stm32f0xx.o
 .debug_macro   0x0000000000000ca1      0x103 CMSIS/Src/system_stm32f0xx.o
 .debug_macro   0x0000000000000da4       0x6a CMSIS/Src/system_stm32f0xx.o
 .debug_macro   0x0000000000000e0e      0x1df CMSIS/Src/system_stm32f0xx.o
 .debug_macro   0x0000000000000fed       0x1c CMSIS/Src/system_stm32f0xx.o
 .debug_macro   0x0000000000001009       0x22 CMSIS/Src/system_stm32f0xx.o
 .debug_macro   0x000000000000102b       0xb5 CMSIS/Src/system_stm32f0xx.o
 .debug_macro   0x00000000000010e0      0x391 CMSIS/Src/system_stm32f0xx.o
 .debug_macro   0x0000000000001471     0x8ce4 CMSIS/Src/system_stm32f0xx.o
 .debug_macro   0x000000000000a155       0x66 CMSIS/Src/system_stm32f0xx.o
 .debug_macro   0x000000000000a1bb       0xef Src/Button.o
 .debug_macro   0x000000000000a2aa       0x1c Src/Button.o
 .debug_macro   0x000000000000a2c6       0xef Src/Encoder.o
 .debug_macro   0x000000000000a3b5       0xef Src/Motor.o
 .debug_macro   0x000000000000a4a4       0xe5 Src/PID.o
 .debug_macro   0x000000000000a589       0xe3 Src/gpio.o
 .debug_macro   0x000000000000a66c      0x10d Src/main.o
 .debug_macro   0x000000000000a779       0xe3 Src/tim.o

.debug_line     0x0000000000000000     0x2991
 .debug_line    0x0000000000000000      0x4cb CMSIS/Src/system_stm32f0xx.o
 .debug_line    0x00000000000004cb      0x4ab Src/Button.o
 .debug_line    0x0000000000000976      0x4ae Src/Encoder.o
 .debug_line    0x0000000000000e24      0x4a9 Src/Motor.o
 .debug_line    0x00000000000012cd      0x575 Src/PID.o
 .debug_line    0x0000000000001842      0x662 Src/gpio.o
 .debug_line    0x0000000000001ea4      0x4d0 Src/main.o
 .debug_line    0x0000000000002374      0x599 Src/tim.o
 .debug_line    0x000000000000290d       0x84 Startup/startup_stm32f051r8tx.o

.debug_str      0x0000000000000000    0x36f64
 .debug_str     0x0000000000000000    0x36a79 CMSIS/Src/system_stm32f0xx.o
                                      0x36c1b (size before relaxing)
 .debug_str     0x0000000000036a79       0xa5 Src/Button.o
                                      0x36bc5 (size before relaxing)
 .debug_str     0x0000000000036b1e       0x1d Src/Encoder.o
                                      0x36bc8 (size before relaxing)
 .debug_str     0x0000000000036b3b       0x24 Src/Motor.o
                                      0x36bc2 (size before relaxing)
 .debug_str     0x0000000000036b5f       0x79 Src/PID.o
                                      0x36c17 (size before relaxing)
 .debug_str     0x0000000000036bd8      0x31b Src/gpio.o
                                      0x36fa6 (size before relaxing)
 .debug_str     0x0000000000036ef3       0x1c Src/main.o
                                      0x36bdb (size before relaxing)
 .debug_str     0x0000000000036f0f       0x24 Src/tim.o
                                      0x36edf (size before relaxing)
 .debug_str     0x0000000000036f33       0x31 Startup/startup_stm32f051r8tx.o
                                         0x6c (size before relaxing)

.comment        0x0000000000000000       0x53
 .comment       0x0000000000000000       0x53 CMSIS/Src/system_stm32f0xx.o
                                         0x54 (size before relaxing)
 .comment       0x0000000000000053       0x54 Src/Button.o
 .comment       0x0000000000000053       0x54 Src/Encoder.o
 .comment       0x0000000000000053       0x54 Src/Motor.o
 .comment       0x0000000000000053       0x54 Src/PID.o
 .comment       0x0000000000000053       0x54 Src/gpio.o
 .comment       0x0000000000000053       0x54 Src/main.o
 .comment       0x0000000000000053       0x54 Src/tim.o

.debug_frame    0x0000000000000000      0x5d8
 .debug_frame   0x0000000000000000       0x4c CMSIS/Src/system_stm32f0xx.o
 .debug_frame   0x000000000000004c       0x2c Src/Button.o
 .debug_frame   0x0000000000000078       0x2c Src/Encoder.o
 .debug_frame   0x00000000000000a4       0x2c Src/Motor.o
 .debug_frame   0x00000000000000d0       0x88 Src/PID.o
 .debug_frame   0x0000000000000158      0x100 Src/gpio.o
 .debug_frame   0x0000000000000258       0x2c Src/main.o
 .debug_frame   0x0000000000000284       0xa4 Src/tim.o
 .debug_frame   0x0000000000000328       0x2c c:/st/stm32cubeide_1.6.1/stm32cubeide/plugins/com.st.stm32cube.ide.mcu.externaltools.gnu-tools-for-stm32.9-2020-q2-update.win32_1.5.0.202011040924/tools/bin/../lib/gcc/arm-none-eabi/9.3.1/../../../../arm-none-eabi/lib/thumb/v6-m/nofp\libc_nano.a(lib_a-init.o)
 .debug_frame   0x0000000000000354       0x20 c:/st/stm32cubeide_1.6.1/stm32cubeide/plugins/com.st.stm32cube.ide.mcu.externaltools.gnu-tools-for-stm32.9-2020-q2-update.win32_1.5.0.202011040924/tools/bin/../lib/gcc/arm-none-eabi/9.3.1/thumb/v6-m/nofp\libgcc.a(_udivsi3.o)
 .debug_frame   0x0000000000000374       0x38 c:/st/stm32cubeide_1.6.1/stm32cubeide/plugins/com.st.stm32cube.ide.mcu.externaltools.gnu-tools-for-stm32.9-2020-q2-update.win32_1.5.0.202011040924/tools/bin/../lib/gcc/arm-none-eabi/9.3.1/thumb/v6-m/nofp\libgcc.a(addsf3.o)
 .debug_frame   0x00000000000003ac       0x38 c:/st/stm32cubeide_1.6.1/stm32cubeide/plugins/com.st.stm32cube.ide.mcu.externaltools.gnu-tools-for-stm32.9-2020-q2-update.win32_1.5.0.202011040924/tools/bin/../lib/gcc/arm-none-eabi/9.3.1/thumb/v6-m/nofp\libgcc.a(divsf3.o)
 .debug_frame   0x00000000000003e4       0x2c c:/st/stm32cubeide_1.6.1/stm32cubeide/plugins/com.st.stm32cube.ide.mcu.externaltools.gnu-tools-for-stm32.9-2020-q2-update.win32_1.5.0.202011040924/tools/bin/../lib/gcc/arm-none-eabi/9.3.1/thumb/v6-m/nofp\libgcc.a(eqsf2.o)
 .debug_frame   0x0000000000000410       0x30 c:/st/stm32cubeide_1.6.1/stm32cubeide/plugins/com.st.stm32cube.ide.mcu.externaltools.gnu-tools-for-stm32.9-2020-q2-update.win32_1.5.0.202011040924/tools/bin/../lib/gcc/arm-none-eabi/9.3.1/thumb/v6-m/nofp\libgcc.a(gesf2.o)
 .debug_frame   0x0000000000000440       0x30 c:/st/stm32cubeide_1.6.1/stm32cubeide/plugins/com.st.stm32cube.ide.mcu.externaltools.gnu-tools-for-stm32.9-2020-q2-update.win32_1.5.0.202011040924/tools/bin/../lib/gcc/arm-none-eabi/9.3.1/thumb/v6-m/nofp\libgcc.a(lesf2.o)
 .debug_frame   0x0000000000000470       0x3c c:/st/stm32cubeide_1.6.1/stm32cubeide/plugins/com.st.stm32cube.ide.mcu.externaltools.gnu-tools-for-stm32.9-2020-q2-update.win32_1.5.0.202011040924/tools/bin/../lib/gcc/arm-none-eabi/9.3.1/thumb/v6-m/nofp\libgcc.a(mulsf3.o)
 .debug_frame   0x00000000000004ac       0x38 c:/st/stm32cubeide_1.6.1/stm32cubeide/plugins/com.st.stm32cube.ide.mcu.externaltools.gnu-tools-for-stm32.9-2020-q2-update.win32_1.5.0.202011040924/tools/bin/../lib/gcc/arm-none-eabi/9.3.1/thumb/v6-m/nofp\libgcc.a(subsf3.o)
 .debug_frame   0x00000000000004e4       0x20 c:/st/stm32cubeide_1.6.1/stm32cubeide/plugins/com.st.stm32cube.ide.mcu.externaltools.gnu-tools-for-stm32.9-2020-q2-update.win32_1.5.0.202011040924/tools/bin/../lib/gcc/arm-none-eabi/9.3.1/thumb/v6-m/nofp\libgcc.a(fixsfsi.o)
 .debug_frame   0x0000000000000504       0x3c c:/st/stm32cubeide_1.6.1/stm32cubeide/plugins/com.st.stm32cube.ide.mcu.externaltools.gnu-tools-for-stm32.9-2020-q2-update.win32_1.5.0.202011040924/tools/bin/../lib/gcc/arm-none-eabi/9.3.1/thumb/v6-m/nofp\libgcc.a(divdf3.o)
 .debug_frame   0x0000000000000540       0x3c c:/st/stm32cubeide_1.6.1/stm32cubeide/plugins/com.st.stm32cube.ide.mcu.externaltools.gnu-tools-for-stm32.9-2020-q2-update.win32_1.5.0.202011040924/tools/bin/../lib/gcc/arm-none-eabi/9.3.1/thumb/v6-m/nofp\libgcc.a(muldf3.o)
 .debug_frame   0x000000000000057c       0x2c c:/st/stm32cubeide_1.6.1/stm32cubeide/plugins/com.st.stm32cube.ide.mcu.externaltools.gnu-tools-for-stm32.9-2020-q2-update.win32_1.5.0.202011040924/tools/bin/../lib/gcc/arm-none-eabi/9.3.1/thumb/v6-m/nofp\libgcc.a(floatsidf.o)
 .debug_frame   0x00000000000005a8       0x30 c:/st/stm32cubeide_1.6.1/stm32cubeide/plugins/com.st.stm32cube.ide.mcu.externaltools.gnu-tools-for-stm32.9-2020-q2-update.win32_1.5.0.202011040924/tools/bin/../lib/gcc/arm-none-eabi/9.3.1/thumb/v6-m/nofp\libgcc.a(truncdfsf2.o)
